
[1m[46m RUN [49m[22m [36mv4.0.17 [39m[90mC:/Users/finan/Gettupplanding-111[39m

 [31mΓ¥»[39m tests/config-integrity.test.ts [2m([22m[2m3 tests[22m[2m | [22m[31m1 failed[39m[2m)[22m[32m 30[2mms[22m[39m
[31m     [31m├ù[31m mcp_config.json should point to .agent/skills[39m[32m 22[2mms[22m[39m
     [32mΓ£ô[39m .skillportrc should point to .agent/skills[32m 2[2mms[22m[39m
     [32mΓ£ô[39m package.json scripts should point to .agent/skills[32m 2[2mms[22m[39m
node.exe : 
At line:1 char:1
+ & "C:\Program Files\nodejs/node.exe" "C:\Program 
Files\nodejs/node_mo ...
+ ~~~~~~~~~~~~~~~~~~~~~~~~~~~~~~~~~~~~~~~~~~~~~~~~~~~~~~~~~~~~
~~~~~~~~~
    + CategoryInfo          : NotSpecified: (:String) [], Rem 
   oteException
    + FullyQualifiedErrorId : NativeCommandError
 
[31mΓÄ»ΓÄ»ΓÄ»ΓÄ»ΓÄ»ΓÄ»ΓÄ»[39m[1m[41m Failed Tests 1 
[49m[22m[31mΓÄ»ΓÄ»ΓÄ»ΓÄ»ΓÄ»ΓÄ»ΓÄ»[39m

[41m[1m FAIL [22m[49m tests/config-integrity.test.ts[2m 
> [22mSkill Path Configuration Integrity[2m > 
[22mmcp_config.json should point to .agent/skills
[31m[1mAssertionError[22m: expected 
'c:\Users\finan\Gettupplanding-111\.agΓÇª' to contain 
'.agent/skills'[39m

Expected: [32m".agent[7m/[27mskills"[39m
Received: [31m"[7mc:\Users\finan\Gettupplanding-111\[27m.ag
ent[7m\[27mskills"[39m

[36m [2mΓ¥»[22m 
tests/config-integrity.test.ts:[2m16:47[22m[39m
    [90m 14| [39m    [35mconst[39m skillsDirIndex 
[33m=[39m skillportArgs[33m.[39m[34mindexOf[39m([32m'--
skills-dir'[39m)[33m;[39m
    [90m 15| [39m    [34mexpect[39m(skillsDirIndex)[33m.
[39m[34mtoBeGreaterThan[39m([33m-[39m[34m1[39m)[33m;[3
9m
    [90m 16| [39m    expect(skillportArgs[skillsDirIndex + 
1]).toContain('.agent/skillsΓÇª
    [90m   | [39m                                           
   [31m^[39m
    [90m 17| [39m  })[33m;[39m
    [90m 18| [39m

[31m[2mΓÄ»ΓÄ»ΓÄ»ΓÄ»ΓÄ»ΓÄ»ΓÄ»ΓÄ»ΓÄ»ΓÄ»ΓÄ»ΓÄ»ΓÄ»ΓÄ»ΓÄ»ΓÄ»ΓÄ»ΓÄ
»ΓÄ»ΓÄ»ΓÄ»ΓÄ»ΓÄ»ΓÄ»[1/1]ΓÄ»[22m[39m


[2m Test Files [22m [1m[31m1 failed[39m[22m[90m (1)[39m
[2m      Tests [22m [1m[31m1 failed[39m[22m[2m | [22m[1m[32m2 passed[39m[22m[90m (3)[39m
[2m   Start at [22m 17:29:26
[2m   Duration [22m 4.21s[2m (transform 171ms, setup 523ms, import 31ms, tests 30ms, environment 2.85s)[22m

